// Jest Snapshot v1, https://goo.gl/fbAQLP

exports[`It renders CountryList correctly 1`] = `
Object {
  "asFragment": [Function],
  "baseElement": <body>
    <div>
      <section
        class="add_house_sec"
      >
        <h2>
          Add a House
        </h2>
        <form>
          <h4>
            Enter House Details
          </h4>
          <div
            class="form-group"
          >
            <span
              class="icon"
            >
              <svg
                fill="currentColor"
                height="1em"
                stroke="currentColor"
                stroke-width="0"
                viewBox="0 0 16 16"
                width="1em"
                xmlns="http://www.w3.org/2000/svg"
              >
                <path
                  d="M6.5 14.5v-3.505c0-.245.25-.495.5-.495h2c.25 0 .5.25.5.5v3.5a.5.5 0 0 0 .5.5h4a.5.5 0 0 0 .5-.5v-7a.5.5 0 0 0-.146-.354L13 5.793V2.5a.5.5 0 0 0-.5-.5h-1a.5.5 0 0 0-.5.5v1.293L8.354 1.146a.5.5 0 0 0-.708 0l-6 6A.5.5 0 0 0 1.5 7.5v7a.5.5 0 0 0 .5.5h4a.5.5 0 0 0 .5-.5Z"
                />
              </svg>
            </span>
            <input
              class="form-control"
              id="Email1"
              name="name"
              placeholder="House Name"
              required=""
              type="text"
              value=""
            />
          </div>
          <div
            class="form-group"
          >
            <span
              class="icon"
            >
              <svg
                fill="currentColor"
                height="1em"
                stroke="currentColor"
                stroke-width="0"
                viewBox="0 0 640 512"
                width="1em"
                xmlns="http://www.w3.org/2000/svg"
              >
                <path
                  d="M616 192H480V24c0-13.26-10.74-24-24-24H312c-13.26 0-24 10.74-24 24v72h-64V16c0-8.84-7.16-16-16-16h-16c-8.84 0-16 7.16-16 16v80h-64V16c0-8.84-7.16-16-16-16H80c-8.84 0-16 7.16-16 16v80H24c-13.26 0-24 10.74-24 24v360c0 17.67 14.33 32 32 32h576c17.67 0 32-14.33 32-32V216c0-13.26-10.75-24-24-24zM128 404c0 6.63-5.37 12-12 12H76c-6.63 0-12-5.37-12-12v-40c0-6.63 5.37-12 12-12h40c6.63 0 12 5.37 12 12v40zm0-96c0 6.63-5.37 12-12 12H76c-6.63 0-12-5.37-12-12v-40c0-6.63 5.37-12 12-12h40c6.63 0 12 5.37 12 12v40zm0-96c0 6.63-5.37 12-12 12H76c-6.63 0-12-5.37-12-12v-40c0-6.63 5.37-12 12-12h40c6.63 0 12 5.37 12 12v40zm128 192c0 6.63-5.37 12-12 12h-40c-6.63 0-12-5.37-12-12v-40c0-6.63 5.37-12 12-12h40c6.63 0 12 5.37 12 12v40zm0-96c0 6.63-5.37 12-12 12h-40c-6.63 0-12-5.37-12-12v-40c0-6.63 5.37-12 12-12h40c6.63 0 12 5.37 12 12v40zm0-96c0 6.63-5.37 12-12 12h-40c-6.63 0-12-5.37-12-12v-40c0-6.63 5.37-12 12-12h40c6.63 0 12 5.37 12 12v40zm160 96c0 6.63-5.37 12-12 12h-40c-6.63 0-12-5.37-12-12v-40c0-6.63 5.37-12 12-12h40c6.63 0 12 5.37 12 12v40zm0-96c0 6.63-5.37 12-12 12h-40c-6.63 0-12-5.37-12-12v-40c0-6.63 5.37-12 12-12h40c6.63 0 12 5.37 12 12v40zm0-96c0 6.63-5.37 12-12 12h-40c-6.63 0-12-5.37-12-12V76c0-6.63 5.37-12 12-12h40c6.63 0 12 5.37 12 12v40zm160 288c0 6.63-5.37 12-12 12h-40c-6.63 0-12-5.37-12-12v-40c0-6.63 5.37-12 12-12h40c6.63 0 12 5.37 12 12v40zm0-96c0 6.63-5.37 12-12 12h-40c-6.63 0-12-5.37-12-12v-40c0-6.63 5.37-12 12-12h40c6.63 0 12 5.37 12 12v40z"
                />
              </svg>
            </span>
            <input
              class="form-control"
              id="password"
              name="city"
              placeholder="City"
              required=""
              type="text"
              value=""
            />
          </div>
          <div
            class="form-group"
          >
            <span
              class="icon"
            >
              <svg
                fill="currentColor"
                height="1em"
                stroke="currentColor"
                stroke-width="0"
                viewBox="0 0 24 24"
                width="1em"
                xmlns="http://www.w3.org/2000/svg"
              >
                <path
                  d="M9 22h1v-2h-.989C8.703 19.994 6 19.827 6 16c0-1.993-.665-3.246-1.502-4C5.335 11.246 6 9.993 6 8c0-3.827 2.703-3.994 3-4h1V2H8.998C7.269 2.004 4 3.264 4 8c0 2.8-1.678 2.99-2.014 3L2 13c.082 0 2 .034 2 3 0 4.736 3.269 5.996 5 6zm13-11c-.082 0-2-.034-2-3 0-4.736-3.269-5.996-5-6h-1v2h.989c.308.006 3.011.173 3.011 4 0 1.993.665 3.246 1.502 4-.837.754-1.502 2.007-1.502 4 0 3.827-2.703 3.994-3 4h-1v2h1.002C16.731 21.996 20 20.736 20 16c0-2.8 1.678-2.99 2.014-3L22 11z"
                />
              </svg>
            </span>
            <input
              class="form-control"
              id="image"
              name="image"
              placeholder="Image URL"
              required=""
              type="text"
              value=""
            />
          </div>
          <div
            class="form-group"
          >
            <span
              class="icon"
            >
              <svg
                fill="currentColor"
                height="1em"
                stroke="currentColor"
                stroke-width="0"
                viewBox="0 0 1024 1024"
                width="1em"
                xmlns="http://www.w3.org/2000/svg"
              >
                <path
                  d="M512 64C264.6 64 64 264.6 64 512s200.6 448 448 448 448-200.6 448-448S759.4 64 512 64zm22.3 665.2l.2 31.7c0 4.4-3.6 8.1-8 8.1h-28.4c-4.4 0-8-3.6-8-8v-31.4C401.3 723 359.5 672.4 355 617.4c-.4-4.7 3.3-8.7 8-8.7h46.2c3.9 0 7.3 2.8 7.9 6.6 5.1 31.7 29.8 55.4 74.1 61.3V533.9l-24.7-6.3c-52.3-12.5-102.1-45.1-102.1-112.7 0-72.9 55.4-112.1 126.2-119v-33c0-4.4 3.6-8 8-8h28.1c4.4 0 8 3.6 8 8v32.7c68.5 6.9 119.9 46.9 125.9 109.2.5 4.7-3.2 8.8-8 8.8h-44.9c-4 0-7.4-3-7.9-6.9-4-29.2-27.4-53-65.5-58.2v134.3l25.4 5.9c64.8 16 108.9 47 108.9 116.4 0 75.3-56 117.3-134.3 124.1zM426.6 410.3c0 25.4 15.7 45.1 49.5 57.3 4.7 1.9 9.4 3.4 15 5v-124c-36.9 4.7-64.5 25.4-64.5 61.7zm116.5 135.2c-2.8-.6-5.6-1.3-8.8-2.2V677c42.6-3.8 72-27.2 72-66.4 0-30.7-15.9-50.7-63.2-65.1z"
                />
              </svg>
            </span>
            <input
              class="form-control"
              id="appartment_fee"
              name="appartment_fee"
              placeholder="Visit Fee"
              required=""
              type="text"
              value=""
            />
          </div>
          <div
            class="form-group"
          >
            <span
              class="icon"
            >
              <svg
                fill="currentColor"
                height="1em"
                stroke="currentColor"
                stroke-width="0"
                viewBox="0 0 24 24"
                width="1em"
                xmlns="http://www.w3.org/2000/svg"
              >
                <path
                  d="M0 0h24v24H0z"
                  fill="none"
                />
                <path
                  d="M14 2H6c-1.1 0-1.99.9-1.99 2L4 20c0 1.1.89 2 1.99 2H18c1.1 0 2-.9 2-2V8l-6-6zm2 16H8v-2h8v2zm0-4H8v-2h8v2zm-3-5V3.5L18.5 9H13z"
                />
              </svg>
            </span>
            <textarea
              name="description"
              placeholder="Description"
            />
          </div>
          <button
            class="add-btn"
            type="submit"
          >
            Add House
          </button>
          <a
            href="/"
          >
            <button
              aria-label="Go back"
              type="button"
            >
              <svg
                fill="currentColor"
                height="1em"
                stroke="currentColor"
                stroke-width="0"
                viewBox="0 0 512 512"
                width="1em"
                xmlns="http://www.w3.org/2000/svg"
              >
                <path
                  d="M321.94 98L158.82 237.78a24 24 0 000 36.44L321.94 414c15.57 13.34 39.62 2.28 39.62-18.22v-279.6c0-20.5-24.05-31.56-39.62-18.18z"
                />
              </svg>
            </button>
          </a>
        </form>
      </section>
    </div>
  </body>,
  "container": <div>
    <section
      class="add_house_sec"
    >
      <h2>
        Add a House
      </h2>
      <form>
        <h4>
          Enter House Details
        </h4>
        <div
          class="form-group"
        >
          <span
            class="icon"
          >
            <svg
              fill="currentColor"
              height="1em"
              stroke="currentColor"
              stroke-width="0"
              viewBox="0 0 16 16"
              width="1em"
              xmlns="http://www.w3.org/2000/svg"
            >
              <path
                d="M6.5 14.5v-3.505c0-.245.25-.495.5-.495h2c.25 0 .5.25.5.5v3.5a.5.5 0 0 0 .5.5h4a.5.5 0 0 0 .5-.5v-7a.5.5 0 0 0-.146-.354L13 5.793V2.5a.5.5 0 0 0-.5-.5h-1a.5.5 0 0 0-.5.5v1.293L8.354 1.146a.5.5 0 0 0-.708 0l-6 6A.5.5 0 0 0 1.5 7.5v7a.5.5 0 0 0 .5.5h4a.5.5 0 0 0 .5-.5Z"
              />
            </svg>
          </span>
          <input
            class="form-control"
            id="Email1"
            name="name"
            placeholder="House Name"
            required=""
            type="text"
            value=""
          />
        </div>
        <div
          class="form-group"
        >
          <span
            class="icon"
          >
            <svg
              fill="currentColor"
              height="1em"
              stroke="currentColor"
              stroke-width="0"
              viewBox="0 0 640 512"
              width="1em"
              xmlns="http://www.w3.org/2000/svg"
            >
              <path
                d="M616 192H480V24c0-13.26-10.74-24-24-24H312c-13.26 0-24 10.74-24 24v72h-64V16c0-8.84-7.16-16-16-16h-16c-8.84 0-16 7.16-16 16v80h-64V16c0-8.84-7.16-16-16-16H80c-8.84 0-16 7.16-16 16v80H24c-13.26 0-24 10.74-24 24v360c0 17.67 14.33 32 32 32h576c17.67 0 32-14.33 32-32V216c0-13.26-10.75-24-24-24zM128 404c0 6.63-5.37 12-12 12H76c-6.63 0-12-5.37-12-12v-40c0-6.63 5.37-12 12-12h40c6.63 0 12 5.37 12 12v40zm0-96c0 6.63-5.37 12-12 12H76c-6.63 0-12-5.37-12-12v-40c0-6.63 5.37-12 12-12h40c6.63 0 12 5.37 12 12v40zm0-96c0 6.63-5.37 12-12 12H76c-6.63 0-12-5.37-12-12v-40c0-6.63 5.37-12 12-12h40c6.63 0 12 5.37 12 12v40zm128 192c0 6.63-5.37 12-12 12h-40c-6.63 0-12-5.37-12-12v-40c0-6.63 5.37-12 12-12h40c6.63 0 12 5.37 12 12v40zm0-96c0 6.63-5.37 12-12 12h-40c-6.63 0-12-5.37-12-12v-40c0-6.63 5.37-12 12-12h40c6.63 0 12 5.37 12 12v40zm0-96c0 6.63-5.37 12-12 12h-40c-6.63 0-12-5.37-12-12v-40c0-6.63 5.37-12 12-12h40c6.63 0 12 5.37 12 12v40zm160 96c0 6.63-5.37 12-12 12h-40c-6.63 0-12-5.37-12-12v-40c0-6.63 5.37-12 12-12h40c6.63 0 12 5.37 12 12v40zm0-96c0 6.63-5.37 12-12 12h-40c-6.63 0-12-5.37-12-12v-40c0-6.63 5.37-12 12-12h40c6.63 0 12 5.37 12 12v40zm0-96c0 6.63-5.37 12-12 12h-40c-6.63 0-12-5.37-12-12V76c0-6.63 5.37-12 12-12h40c6.63 0 12 5.37 12 12v40zm160 288c0 6.63-5.37 12-12 12h-40c-6.63 0-12-5.37-12-12v-40c0-6.63 5.37-12 12-12h40c6.63 0 12 5.37 12 12v40zm0-96c0 6.63-5.37 12-12 12h-40c-6.63 0-12-5.37-12-12v-40c0-6.63 5.37-12 12-12h40c6.63 0 12 5.37 12 12v40z"
              />
            </svg>
          </span>
          <input
            class="form-control"
            id="password"
            name="city"
            placeholder="City"
            required=""
            type="text"
            value=""
          />
        </div>
        <div
          class="form-group"
        >
          <span
            class="icon"
          >
            <svg
              fill="currentColor"
              height="1em"
              stroke="currentColor"
              stroke-width="0"
              viewBox="0 0 24 24"
              width="1em"
              xmlns="http://www.w3.org/2000/svg"
            >
              <path
                d="M9 22h1v-2h-.989C8.703 19.994 6 19.827 6 16c0-1.993-.665-3.246-1.502-4C5.335 11.246 6 9.993 6 8c0-3.827 2.703-3.994 3-4h1V2H8.998C7.269 2.004 4 3.264 4 8c0 2.8-1.678 2.99-2.014 3L2 13c.082 0 2 .034 2 3 0 4.736 3.269 5.996 5 6zm13-11c-.082 0-2-.034-2-3 0-4.736-3.269-5.996-5-6h-1v2h.989c.308.006 3.011.173 3.011 4 0 1.993.665 3.246 1.502 4-.837.754-1.502 2.007-1.502 4 0 3.827-2.703 3.994-3 4h-1v2h1.002C16.731 21.996 20 20.736 20 16c0-2.8 1.678-2.99 2.014-3L22 11z"
              />
            </svg>
          </span>
          <input
            class="form-control"
            id="image"
            name="image"
            placeholder="Image URL"
            required=""
            type="text"
            value=""
          />
        </div>
        <div
          class="form-group"
        >
          <span
            class="icon"
          >
            <svg
              fill="currentColor"
              height="1em"
              stroke="currentColor"
              stroke-width="0"
              viewBox="0 0 1024 1024"
              width="1em"
              xmlns="http://www.w3.org/2000/svg"
            >
              <path
                d="M512 64C264.6 64 64 264.6 64 512s200.6 448 448 448 448-200.6 448-448S759.4 64 512 64zm22.3 665.2l.2 31.7c0 4.4-3.6 8.1-8 8.1h-28.4c-4.4 0-8-3.6-8-8v-31.4C401.3 723 359.5 672.4 355 617.4c-.4-4.7 3.3-8.7 8-8.7h46.2c3.9 0 7.3 2.8 7.9 6.6 5.1 31.7 29.8 55.4 74.1 61.3V533.9l-24.7-6.3c-52.3-12.5-102.1-45.1-102.1-112.7 0-72.9 55.4-112.1 126.2-119v-33c0-4.4 3.6-8 8-8h28.1c4.4 0 8 3.6 8 8v32.7c68.5 6.9 119.9 46.9 125.9 109.2.5 4.7-3.2 8.8-8 8.8h-44.9c-4 0-7.4-3-7.9-6.9-4-29.2-27.4-53-65.5-58.2v134.3l25.4 5.9c64.8 16 108.9 47 108.9 116.4 0 75.3-56 117.3-134.3 124.1zM426.6 410.3c0 25.4 15.7 45.1 49.5 57.3 4.7 1.9 9.4 3.4 15 5v-124c-36.9 4.7-64.5 25.4-64.5 61.7zm116.5 135.2c-2.8-.6-5.6-1.3-8.8-2.2V677c42.6-3.8 72-27.2 72-66.4 0-30.7-15.9-50.7-63.2-65.1z"
              />
            </svg>
          </span>
          <input
            class="form-control"
            id="appartment_fee"
            name="appartment_fee"
            placeholder="Visit Fee"
            required=""
            type="text"
            value=""
          />
        </div>
        <div
          class="form-group"
        >
          <span
            class="icon"
          >
            <svg
              fill="currentColor"
              height="1em"
              stroke="currentColor"
              stroke-width="0"
              viewBox="0 0 24 24"
              width="1em"
              xmlns="http://www.w3.org/2000/svg"
            >
              <path
                d="M0 0h24v24H0z"
                fill="none"
              />
              <path
                d="M14 2H6c-1.1 0-1.99.9-1.99 2L4 20c0 1.1.89 2 1.99 2H18c1.1 0 2-.9 2-2V8l-6-6zm2 16H8v-2h8v2zm0-4H8v-2h8v2zm-3-5V3.5L18.5 9H13z"
              />
            </svg>
          </span>
          <textarea
            name="description"
            placeholder="Description"
          />
        </div>
        <button
          class="add-btn"
          type="submit"
        >
          Add House
        </button>
        <a
          href="/"
        >
          <button
            aria-label="Go back"
            type="button"
          >
            <svg
              fill="currentColor"
              height="1em"
              stroke="currentColor"
              stroke-width="0"
              viewBox="0 0 512 512"
              width="1em"
              xmlns="http://www.w3.org/2000/svg"
            >
              <path
                d="M321.94 98L158.82 237.78a24 24 0 000 36.44L321.94 414c15.57 13.34 39.62 2.28 39.62-18.22v-279.6c0-20.5-24.05-31.56-39.62-18.18z"
              />
            </svg>
          </button>
        </a>
      </form>
    </section>
  </div>,
  "debug": [Function],
  "findAllByAltText": [Function],
  "findAllByDisplayValue": [Function],
  "findAllByLabelText": [Function],
  "findAllByPlaceholderText": [Function],
  "findAllByRole": [Function],
  "findAllByTestId": [Function],
  "findAllByText": [Function],
  "findAllByTitle": [Function],
  "findByAltText": [Function],
  "findByDisplayValue": [Function],
  "findByLabelText": [Function],
  "findByPlaceholderText": [Function],
  "findByRole": [Function],
  "findByTestId": [Function],
  "findByText": [Function],
  "findByTitle": [Function],
  "getAllByAltText": [Function],
  "getAllByDisplayValue": [Function],
  "getAllByLabelText": [Function],
  "getAllByPlaceholderText": [Function],
  "getAllByRole": [Function],
  "getAllByTestId": [Function],
  "getAllByText": [Function],
  "getAllByTitle": [Function],
  "getByAltText": [Function],
  "getByDisplayValue": [Function],
  "getByLabelText": [Function],
  "getByPlaceholderText": [Function],
  "getByRole": [Function],
  "getByTestId": [Function],
  "getByText": [Function],
  "getByTitle": [Function],
  "queryAllByAltText": [Function],
  "queryAllByDisplayValue": [Function],
  "queryAllByLabelText": [Function],
  "queryAllByPlaceholderText": [Function],
  "queryAllByRole": [Function],
  "queryAllByTestId": [Function],
  "queryAllByText": [Function],
  "queryAllByTitle": [Function],
  "queryByAltText": [Function],
  "queryByDisplayValue": [Function],
  "queryByLabelText": [Function],
  "queryByPlaceholderText": [Function],
  "queryByRole": [Function],
  "queryByTestId": [Function],
  "queryByText": [Function],
  "queryByTitle": [Function],
  "rerender": [Function],
  "unmount": [Function],
}
`;
